I'm sorry, but errors were detected in your script. Please correct the
errors listed below, and try again.


File "game/script.rpy", line 403: ATL statement contains two expressions in a row; is one of them a misspelled property? If not, separate them with pass.
    zoom 5.0 linear 2.0
                       ^

Ren'Py Version: Ren'Py 7.3.5.606
Sun Jun 28 04:44:45 2020
